
> ott-dashboard@3.1.0 test
> jest

node.exe : FAIL __tests__/api/usb_logs.test.js
Au caractère Ligne:1 : 1
+ & "C:\Program Files\nodejs/node.exe" "C:\Program Files\nodejs/node_mo ...
+ ~~~~~~~~~~~~~~~~~~~~~~~~~~~~~~~~~~~~~~~~~~~~~~~~~~~~~~~~~~~~~~~~~~~~~
    + CategoryInfo          : NotSpecified: (FAIL __tests__/api/usb_logs.test.js:String) [], RemoteException
    + FullyQualifiedErrorId : NativeCommandError
 
  ÔùÅ USB Logs API ÔÇ║ POST /api.php/usb-logs ÔÇ║ devrait enregistrer des logs USB avec succ├¿s

    FetchError: request to http://localhost:8000/api.php/auth/login failed, reason:

      at ClientRequest.<anonymous> (node_modules/node-fetch/lib/index.js:1501:11)

  ÔùÅ USB Logs API ÔÇ║ POST /api.php/usb-logs ÔÇ║ devrait rejeter une requ├¬te sans device_identifier

    FetchError: request to http://localhost:8000/api.php/auth/login failed, reason:

      at ClientRequest.<anonymous> (node_modules/node-fetch/lib/index.js:1501:11)

  ÔùÅ USB Logs API ÔÇ║ POST /api.php/usb-logs ÔÇ║ devrait rejeter une requ├¬te avec plus de 100 logs

    FetchError: request to http://localhost:8000/api.php/auth/login failed, reason:

      at ClientRequest.<anonymous> (node_modules/node-fetch/lib/index.js:1501:11)

  ÔùÅ USB Logs API ÔÇ║ POST /api.php/usb-logs ÔÇ║ devrait accepter une requ├¬te sans authentification (pour USB local)

    FetchError: request to http://localhost:8000/api.php/auth/login failed, reason:

      at ClientRequest.<anonymous> (node_modules/node-fetch/lib/index.js:1501:11)

  ÔùÅ USB Logs API ÔÇ║ GET /api.php/usb-logs ÔÇ║ devrait r├®cup├®rer tous les logs (admin uniquement)

    FetchError: request to http://localhost:8000/api.php/auth/login failed, reason:

      at ClientRequest.<anonymous> (node_modules/node-fetch/lib/index.js:1501:11)

  ÔùÅ USB Logs API ÔÇ║ GET /api.php/usb-logs ÔÇ║ devrait r├®cup├®rer tous les logs (admin uniquement)

    FetchError: request to http://localhost:8000/api.php/usb-logs failed, reason:

      at ClientRequest.<anonymous> (node_modules/node-fetch/lib/index.js:1501:11)

  ÔùÅ USB Logs API ÔÇ║ GET /api.php/usb-logs ÔÇ║ devrait filtrer les logs par dispositif

    FetchError: request to http://localhost:8000/api.php/auth/login failed, reason:

      at ClientRequest.<anonymous> (node_modules/node-fetch/lib/index.js:1501:11)

  ÔùÅ USB Logs API ÔÇ║ GET /api.php/usb-logs ÔÇ║ devrait filtrer les logs par dispositif

    FetchError: request to http://localhost:8000/api.php/usb-logs failed, reason:

      at ClientRequest.<anonymous> (node_modules/node-fetch/lib/index.js:1501:11)

  ÔùÅ USB Logs API ÔÇ║ GET /api.php/usb-logs ÔÇ║ devrait filtrer les logs par source

    FetchError: request to http://localhost:8000/api.php/auth/login failed, reason:

      at ClientRequest.<anonymous> (node_modules/node-fetch/lib/index.js:1501:11)

  ÔùÅ USB Logs API ÔÇ║ GET /api.php/usb-logs ÔÇ║ devrait filtrer les logs par source

    FetchError: request to http://localhost:8000/api.php/usb-logs failed, reason:

      at ClientRequest.<anonymous> (node_modules/node-fetch/lib/index.js:1501:11)

  ÔùÅ USB Logs API ÔÇ║ GET /api.php/usb-logs ÔÇ║ devrait rejeter une requ├¬te sans authentification

    FetchError: request to http://localhost:8000/api.php/auth/login failed, reason:

      at ClientRequest.<anonymous> (node_modules/node-fetch/lib/index.js:1501:11)

  ÔùÅ USB Logs API ÔÇ║ GET /api.php/usb-logs ÔÇ║ devrait rejeter une requ├¬te sans authentification

    FetchError: request to http://localhost:8000/api.php/usb-logs failed, reason:

      at ClientRequest.<anonymous> (node_modules/node-fetch/lib/index.js:1501:11)

  ÔùÅ USB Logs API ÔÇ║ GET /api.php/usb-logs ÔÇ║ devrait rejeter une requ├¬te d'un utilisateur non-admin

    FetchError: request to http://localhost:8000/api.php/auth/login failed, reason:

      at ClientRequest.<anonymous> (node_modules/node-fetch/lib/index.js:1501:11)

  ÔùÅ USB Logs API ÔÇ║ GET /api.php/usb-logs ÔÇ║ devrait rejeter une requ├¬te d'un utilisateur non-admin

    FetchError: request to http://localhost:8000/api.php/usb-logs failed, reason:

      at ClientRequest.<anonymous> (node_modules/node-fetch/lib/index.js:1501:11)

  ÔùÅ USB Logs API ÔÇ║ GET /api.php/usb-logs/:device ÔÇ║ devrait r├®cup├®rer les logs d'un dispositif sp├®cifique

    FetchError: request to http://localhost:8000/api.php/auth/login failed, reason:

      at ClientRequest.<anonymous> (node_modules/node-fetch/lib/index.js:1501:11)

  ÔùÅ USB Logs API ÔÇ║ DELETE /api.php/usb-logs/cleanup ÔÇ║ devrait nettoyer les vieux logs (admin uniquement)

    FetchError: request to http://localhost:8000/api.php/auth/login failed, reason:

      at ClientRequest.<anonymous> (node_modules/node-fetch/lib/index.js:1501:11)

  ÔùÅ USB Logs API ÔÇ║ DELETE /api.php/usb-logs/cleanup ÔÇ║ devrait rejeter une requ├¬te sans authentification

    FetchError: request to http://localhost:8000/api.php/auth/login failed, reason:

      at ClientRequest.<anonymous> (node_modules/node-fetch/lib/index.js:1501:11)

  ÔùÅ USB Logs API ÔÇ║ Pagination ÔÇ║ devrait supporter la pagination

    FetchError: request to http://localhost:8000/api.php/auth/login failed, reason:

      at ClientRequest.<anonymous> (node_modules/node-fetch/lib/index.js:1501:11)

FAIL __tests__/api/security.test.js
  ÔùÅ API Security Tests ÔÇ║ Protection contre les injections SQL ÔÇ║ devrait ├®chouer avec une tentative d'injection SQL

    FetchError: request to http://localhost:8000/api.php/auth/login failed, reason:

      at ClientRequest.<anonymous> (node_modules/node-fetch/lib/index.js:1501:11)

  ÔùÅ API Security Tests ÔÇ║ Protection contre les injections SQL ÔÇ║ devrait ├®chapper correctement les caract├¿res sp├®ciaux

    FetchError: request to http://localhost:8000/api.php/auth/login failed, reason:

      at ClientRequest.<anonymous> (node_modules/node-fetch/lib/index.js:1501:11)

  ÔùÅ API Security Tests ÔÇ║ Validation des entr├®es ÔÇ║ devrait rejeter les emails invalides

    FetchError: request to http://localhost:8000/api.php/auth/login failed, reason:

      at ClientRequest.<anonymous> (node_modules/node-fetch/lib/index.js:1501:11)

  ÔùÅ API Security Tests ÔÇ║ Validation des entr├®es ÔÇ║ devrait valider les longueurs de cha├«nes

    FetchError: request to http://localhost:8000/api.php/auth/login failed, reason:

      at ClientRequest.<anonymous> (node_modules/node-fetch/lib/index.js:1501:11)

  ÔùÅ API Security Tests ÔÇ║ Authentification et autorisation ÔÇ║ devrait rejeter les requ├¬tes sans token

    FetchError: request to http://localhost:8000/api.php/auth/login failed, reason:

      at ClientRequest.<anonymous> (node_modules/node-fetch/lib/index.js:1501:11)

  ÔùÅ API Security Tests ÔÇ║ Authentification et autorisation ÔÇ║ devrait rejeter les tokens invalides

    FetchError: request to http://localhost:8000/api.php/auth/login failed, reason:

      at ClientRequest.<anonymous> (node_modules/node-fetch/lib/index.js:1501:11)

  ÔùÅ API Security Tests ÔÇ║ Authentification et autorisation ÔÇ║ devrait v├®rifier les permissions d'acc├¿s

    FetchError: request to http://localhost:8000/api.php/auth/login failed, reason:

      at ClientRequest.<anonymous> (node_modules/node-fetch/lib/index.js:1501:11)

  ÔùÅ API Security Tests ÔÇ║ Rate limiting ÔÇ║ devrait limiter les requ├¬tes excessives

    FetchError: request to http://localhost:8000/api.php/auth/login failed, reason:

      at ClientRequest.<anonymous> (node_modules/node-fetch/lib/index.js:1501:11)

  ÔùÅ API Security Tests ÔÇ║ CORS ÔÇ║ devrait inclure les en-t├¬tes CORS appropri├®s

    FetchError: request to http://localhost:8000/api.php/auth/login failed, reason:

      at ClientRequest.<anonymous> (node_modules/node-fetch/lib/index.js:1501:11)

  ÔùÅ API Security Tests ÔÇ║ CORS ÔÇ║ devrait g├®rer les requ├¬tes OPTIONS

    FetchError: request to http://localhost:8000/api.php/auth/login failed, reason:

      at ClientRequest.<anonymous> (node_modules/node-fetch/lib/index.js:1501:11)

FAIL __tests__/api/firmwares.test.js
  ÔùÅ Firmwares API ÔÇ║ GET /api.php/firmwares ÔÇ║ devrait r├®cup├®rer la liste des firmwares

    FetchError: request to http://localhost:8000/api.php/auth/login failed, reason:

      at ClientRequest.<anonymous> (node_modules/node-fetch/lib/index.js:1501:11)

  ÔùÅ Firmwares API ÔÇ║ GET /api.php/firmwares ÔÇ║ devrait ├®chouer sans authentification

    FetchError: request to http://localhost:8000/api.php/auth/login failed, reason:

      at ClientRequest.<anonymous> (node_modules/node-fetch/lib/index.js:1501:11)

  ÔùÅ Firmwares API ÔÇ║ POST /api.php/firmwares ÔÇ║ devrait cr├®er un nouveau firmware

    FetchError: request to http://localhost:8000/api.php/auth/login failed, reason:

      at ClientRequest.<anonymous> (node_modules/node-fetch/lib/index.js:1501:11)

  ÔùÅ Firmwares API ÔÇ║ POST /api.php/firmwares ÔÇ║ devrait ├®chouer avec des donn├®es invalides

    FetchError: request to http://localhost:8000/api.php/auth/login failed, reason:

      at ClientRequest.<anonymous> (node_modules/node-fetch/lib/index.js:1501:11)

  ÔùÅ Firmwares API ÔÇ║ GET /api.php/firmwares/:id ÔÇ║ devrait r├®cup├®rer un firmware sp├®cifique

    FetchError: request to http://localhost:8000/api.php/auth/login failed, reason:

      at ClientRequest.<anonymous> (node_modules/node-fetch/lib/index.js:1501:11)

  ÔùÅ Firmwares API ÔÇ║ GET /api.php/firmwares/:id ÔÇ║ devrait retourner 404 pour un firmware inexistant

    FetchError: request to http://localhost:8000/api.php/auth/login failed, reason:

      at ClientRequest.<anonymous> (node_modules/node-fetch/lib/index.js:1501:11)

  ÔùÅ Firmwares API ÔÇ║ PUT /api.php/firmwares/:id ÔÇ║ devrait mettre ├á jour un firmware

    FetchError: request to http://localhost:8000/api.php/auth/login failed, reason:

      at ClientRequest.<anonymous> (node_modules/node-fetch/lib/index.js:1501:11)

  ÔùÅ Firmwares API ÔÇ║ DELETE /api.php/firmwares/:id ÔÇ║ devrait supprimer un firmware

    FetchError: request to http://localhost:8000/api.php/auth/login failed, reason:

      at ClientRequest.<anonymous> (node_modules/node-fetch/lib/index.js:1501:11)

  ÔùÅ Firmwares API ÔÇ║ POST /api.php/firmwares/upload-ino ÔÇ║ devrait ├®chouer sans fichier

    FetchError: request to http://localhost:8000/api.php/auth/login failed, reason:

      at ClientRequest.<anonymous> (node_modules/node-fetch/lib/index.js:1501:11)

PASS __tests__/hooks/useToggle.test.js
FAIL __tests__/hooks/useAsync.test.js
  ÔùÅ Console

    console.error
      [ERROR] useAsync error: Error: Test error
          at Object.<anonymous> (D:\Windsurf\OTT\__tests__\hooks\useAsync.test.js:31:19)
          at Promise.then.completed (D:\Windsurf\OTT\node_modules\jest-circus\build\utils.js:298:28)
          at new Promise (<anonymous>)
          at callAsyncCircusFn (D:\Windsurf\OTT\node_modules\jest-circus\build\utils.js:231:10)
          at _callCircusTest (D:\Windsurf\OTT\node_modules\jest-circus\build\run.js:316:40)
          at _runTest (D:\Windsurf\OTT\node_modules\jest-circus\build\run.js:252:3)
          at _runTestsForDescribeBlock (D:\Windsurf\OTT\node_modules\jest-circus\build\run.js:126:9)
          at _runTestsForDescribeBlock (D:\Windsurf\OTT\node_modules\jest-circus\build\run.js:121:9)
          at run (D:\Windsurf\OTT\node_modules\jest-circus\build\run.js:71:3)
          at runAndTransformResultsToJestFormat (D:\Windsurf\OTT\node_modules\jest-circus\build\legacy-code-todo-rewrite\jestAdapterInit.js:122:21)
          at jestAdapter (D:\Windsurf\OTT\node_modules\jest-circus\build\legacy-code-todo-rewrite\jestAdapter.js:79:19)
          at runTestInternal (D:\Windsurf\OTT\node_modules\jest-runner\build\runTest.js:367:16)
          at runTest (D:\Windsurf\OTT\node_modules\jest-runner\build\runTest.js:444:34)
          at Object.worker (D:\Windsurf\OTT\node_modules\jest-runner\build\testWorker.js:106:12)

    [0m [90m 14 |[39m   error[33m:[39m ([33m...[39margs) [33m=>[39m {
     [90m 15 |[39m     [90m// Les erreurs sont toujours logg├®es[39m
    [31m[1m>[22m[39m[90m 16 |[39m     console[33m.[39merror([32m'[ERROR]'[39m[33m,[39m [33m...[39margs)
     [90m    |[39m             [31m[1m^[22m[39m
     [90m 17 |[39m   }[33m,[39m
     [90m 18 |[39m   
     [90m 19 |[39m   warn[33m:[39m ([33m...[39margs) [33m=>[39m {[0m

      at Object.error (lib/logger.js:16:13)
      at Object.error [as execute] (hooks/useAsync.js:49:14)
      at __tests__/hooks/useAsync.test.js:36:9

  ÔùÅ useAsync ÔÇ║ devrait g├®rer une erreur

    expect(received).toBe(expected) // Object.is equality

    Expected: "Test error"
    Received: null

    [0m [90m 41 |[39m     
     [90m 42 |[39m     expect(result[33m.[39mcurrent[33m.[39mloading)[33m.[39mtoBe([36mfalse[39m)
    [31m[1m>[22m[39m[90m 43 |[39m     expect(result[33m.[39mcurrent[33m.[39merror)[33m.[39mtoBe([32m'Test error'[39m)
     [90m    |[39m                                  [31m[1m^[22m[39m
     [90m 44 |[39m     expect(result[33m.[39mcurrent[33m.[39msuccess)[33m.[39mtoBe([36mfalse[39m)
     [90m 45 |[39m   })
     [90m 46 |[39m[0m

      at Object.toBe (__tests__/hooks/useAsync.test.js:43:34)

FAIL __tests__/integration/auth.test.js
  ÔùÅ Authentification E2E ÔÇ║ devrait permettre la connexion avec des identifiants valides

    invariant expected app router to be mounted

    [0m [90m  6 |[39m
     [90m  7 |[39m [36mexport[39m [36mdefault[39m [36mfunction[39m [33mLogin[39m() {
    [31m[1m>[22m[39m[90m  8 |[39m   [36mconst[39m router [33m=[39m useRouter()
     [90m    |[39m                           [31m[1m^[22m[39m
     [90m  9 |[39m   [36mconst[39m { login } [33m=[39m useAuth()
     [90m 10 |[39m   [36mconst[39m [email[33m,[39m setEmail] [33m=[39m useState([32m''[39m)
     [90m 11 |[39m   [36mconst[39m [password[33m,[39m setPassword] [33m=[39m useState([32m''[39m)[0m

      at useRouter (node_modules/next/src/client/components/navigation.ts:149:11)
      at Login (components/Login.js:8:27)
      at Object.react_stack_bottom_frame (node_modules/react-dom/cjs/react-dom-client.development.js:25904:20)
      at renderWithHooks (node_modules/react-dom/cjs/react-dom-client.development.js:7662:22)
      at updateFunctionComponent (node_modules/react-dom/cjs/react-dom-client.development.js:10166:19)
      at beginWork (node_modules/react-dom/cjs/react-dom-client.development.js:11778:18)
      at runWithFiberInDEV (node_modules/react-dom/cjs/react-dom-client.development.js:874:13)
      at performUnitOfWork (node_modules/react-dom/cjs/react-dom-client.development.js:17641:22)
      at workLoopSync (node_modules/react-dom/cjs/react-dom-client.development.js:17469:41)
      at renderRootSync (node_modules/react-dom/cjs/react-dom-client.development.js:17450:11)
      at performWorkOnRoot (node_modules/react-dom/cjs/react-dom-client.development.js:16583:35)
      at performWorkOnRootViaSchedulerTask (node_modules/react-dom/cjs/react-dom-client.development.js:18957:7)
      at flushActQueue (node_modules/react/cjs/react.development.js:590:34)
      at Object.<anonymous>.process.env.NODE_ENV.exports.act (node_modules/react/cjs/react.development.js:884:10)
      at node_modules/@testing-library/react/dist/act-compat.js:46:25
      at renderRoot (node_modules/@testing-library/react/dist/pure.js:189:26)
      at render (node_modules/@testing-library/react/dist/pure.js:291:10)
      at Object.<anonymous> (__tests__/integration/auth.test.js:37:11)

  ÔùÅ Authentification E2E ÔÇ║ devrait afficher une erreur avec des identifiants invalides

    invariant expected app router to be mounted

    [0m [90m  6 |[39m
     [90m  7 |[39m [36mexport[39m [36mdefault[39m [36mfunction[39m [33mLogin[39m() {
    [31m[1m>[22m[39m[90m  8 |[39m   [36mconst[39m router [33m=[39m useRouter()
     [90m    |[39m                           [31m[1m^[22m[39m
     [90m  9 |[39m   [36mconst[39m { login } [33m=[39m useAuth()
     [90m 10 |[39m   [36mconst[39m [email[33m,[39m setEmail] [33m=[39m useState([32m''[39m)
     [90m 11 |[39m   [36mconst[39m [password[33m,[39m setPassword] [33m=[39m useState([32m''[39m)[0m

      at useRouter (node_modules/next/src/client/components/navigation.ts:149:11)
      at Login (components/Login.js:8:27)
      at Object.react_stack_bottom_frame (node_modules/react-dom/cjs/react-dom-client.development.js:25904:20)
      at renderWithHooks (node_modules/react-dom/cjs/react-dom-client.development.js:7662:22)
      at updateFunctionComponent (node_modules/react-dom/cjs/react-dom-client.development.js:10166:19)
      at beginWork (node_modules/react-dom/cjs/react-dom-client.development.js:11778:18)
      at runWithFiberInDEV (node_modules/react-dom/cjs/react-dom-client.development.js:874:13)
      at performUnitOfWork (node_modules/react-dom/cjs/react-dom-client.development.js:17641:22)
      at workLoopSync (node_modules/react-dom/cjs/react-dom-client.development.js:17469:41)
      at renderRootSync (node_modules/react-dom/cjs/react-dom-client.development.js:17450:11)
      at performWorkOnRoot (node_modules/react-dom/cjs/react-dom-client.development.js:16583:35)
      at performWorkOnRootViaSchedulerTask (node_modules/react-dom/cjs/react-dom-client.development.js:18957:7)
      at flushActQueue (node_modules/react/cjs/react.development.js:590:34)
      at Object.<anonymous>.process.env.NODE_ENV.exports.act (node_modules/react/cjs/react.development.js:884:10)
      at node_modules/@testing-library/react/dist/act-compat.js:46:25
      at renderRoot (node_modules/@testing-library/react/dist/pure.js:189:26)
      at render (node_modules/@testing-library/react/dist/pure.js:291:10)
      at Object.<anonymous> (__tests__/integration/auth.test.js:83:11)

  ÔùÅ Authentification E2E ÔÇ║ devrait g├®rer les erreurs r├®seau

    invariant expected app router to be mounted

    [0m [90m  6 |[39m
     [90m  7 |[39m [36mexport[39m [36mdefault[39m [36mfunction[39m [33mLogin[39m() {
    [31m[1m>[22m[39m[90m  8 |[39m   [36mconst[39m router [33m=[39m useRouter()
     [90m    |[39m                           [31m[1m^[22m[39m
     [90m  9 |[39m   [36mconst[39m { login } [33m=[39m useAuth()
     [90m 10 |[39m   [36mconst[39m [email[33m,[39m setEmail] [33m=[39m useState([32m''[39m)
     [90m 11 |[39m   [36mconst[39m [password[33m,[39m setPassword] [33m=[39m useState([32m''[39m)[0m

      at useRouter (node_modules/next/src/client/components/navigation.ts:149:11)
      at Login (components/Login.js:8:27)
      at Object.react_stack_bottom_frame (node_modules/react-dom/cjs/react-dom-client.development.js:25904:20)
      at renderWithHooks (node_modules/react-dom/cjs/react-dom-client.development.js:7662:22)
      at updateFunctionComponent (node_modules/react-dom/cjs/react-dom-client.development.js:10166:19)
      at beginWork (node_modules/react-dom/cjs/react-dom-client.development.js:11778:18)
      at runWithFiberInDEV (node_modules/react-dom/cjs/react-dom-client.development.js:874:13)
      at performUnitOfWork (node_modules/react-dom/cjs/react-dom-client.development.js:17641:22)
      at workLoopSync (node_modules/react-dom/cjs/react-dom-client.development.js:17469:41)
      at renderRootSync (node_modules/react-dom/cjs/react-dom-client.development.js:17450:11)
      at performWorkOnRoot (node_modules/react-dom/cjs/react-dom-client.development.js:16583:35)
      at performWorkOnRootViaSchedulerTask (node_modules/react-dom/cjs/react-dom-client.development.js:18957:7)
      at flushActQueue (node_modules/react/cjs/react.development.js:590:34)
      at Object.<anonymous>.process.env.NODE_ENV.exports.act (node_modules/react/cjs/react.development.js:884:10)
      at node_modules/@testing-library/react/dist/act-compat.js:46:25
      at renderRoot (node_modules/@testing-library/react/dist/pure.js:189:26)
      at render (node_modules/@testing-library/react/dist/pure.js:291:10)
      at Object.<anonymous> (__tests__/integration/auth.test.js:107:11)

  ÔùÅ Authentification E2E ÔÇ║ devrait valider le format email

    invariant expected app router to be mounted

    [0m [90m  6 |[39m
     [90m  7 |[39m [36mexport[39m [36mdefault[39m [36mfunction[39m [33mLogin[39m() {
    [31m[1m>[22m[39m[90m  8 |[39m   [36mconst[39m router [33m=[39m useRouter()
     [90m    |[39m                           [31m[1m^[22m[39m
     [90m  9 |[39m   [36mconst[39m { login } [33m=[39m useAuth()
     [90m 10 |[39m   [36mconst[39m [email[33m,[39m setEmail] [33m=[39m useState([32m''[39m)
     [90m 11 |[39m   [36mconst[39m [password[33m,[39m setPassword] [33m=[39m useState([32m''[39m)[0m

      at useRouter (node_modules/next/src/client/components/navigation.ts:149:11)
      at Login (components/Login.js:8:27)
      at Object.react_stack_bottom_frame (node_modules/react-dom/cjs/react-dom-client.development.js:25904:20)
      at renderWithHooks (node_modules/react-dom/cjs/react-dom-client.development.js:7662:22)
      at updateFunctionComponent (node_modules/react-dom/cjs/react-dom-client.development.js:10166:19)
      at beginWork (node_modules/react-dom/cjs/react-dom-client.development.js:11778:18)
      at runWithFiberInDEV (node_modules/react-dom/cjs/react-dom-client.development.js:874:13)
      at performUnitOfWork (node_modules/react-dom/cjs/react-dom-client.development.js:17641:22)
      at workLoopSync (node_modules/react-dom/cjs/react-dom-client.development.js:17469:41)
      at renderRootSync (node_modules/react-dom/cjs/react-dom-client.development.js:17450:11)
      at performWorkOnRoot (node_modules/react-dom/cjs/react-dom-client.development.js:16583:35)
      at performWorkOnRootViaSchedulerTask (node_modules/react-dom/cjs/react-dom-client.development.js:18957:7)
      at flushActQueue (node_modules/react/cjs/react.development.js:590:34)
      at Object.<anonymous>.process.env.NODE_ENV.exports.act (node_modules/react/cjs/react.development.js:884:10)
      at node_modules/@testing-library/react/dist/act-compat.js:46:25
      at renderRoot (node_modules/@testing-library/react/dist/pure.js:189:26)
      at render (node_modules/@testing-library/react/dist/pure.js:291:10)
      at Object.<anonymous> (__tests__/integration/auth.test.js:128:11)

PASS __tests__/hooks/useFormState.test.js
FAIL __tests__/components/AlertCard.test.js
  ÔùÅ Test suite failed to run

    Configuration error:

    Could not locate module @/components/AlertCard mapped as:
    D:\Windsurf\OTT\$1.

    Please check your configuration for these entries:
    {
      "moduleNameMapper": {
        "/^@\/(.*)$/": "D:\Windsurf\OTT\$1"
      },
      "resolver": undefined
    }

    [0m [90m  7 |[39m
     [90m  8 |[39m describe([32m'AlertCard'[39m[33m,[39m () [33m=>[39m {
    [31m[1m>[22m[39m[90m  9 |[39m   [36mconst[39m mockAlert [33m=[39m {
     [90m    |[39m                                          [31m[1m^[22m[39m
     [90m 10 |[39m     id[33m:[39m [35m1[39m[33m,[39m
     [90m 11 |[39m     message[33m:[39m [32m'Test alert message'[39m[33m,[39m
     [90m 12 |[39m     severity[33m:[39m [32m'critical'[39m[33m,[39m[0m

      at createNoMappedModuleFoundError (node_modules/jest-resolve/build/resolver.js:759:17)
      at Object.<anonymous> (__tests__/components/AlertCard.test.js:9:59)

PASS __tests__/hooks/useDebounce.test.js
PASS __tests__/components/SearchBar.test.js
FAIL __tests__/components/DeviceDashboard.test.js
  ÔùÅ DeviceDashboard ÔÇ║ devrait afficher la liste des dispositifs

    TypeError: Cannot read properties of undefined (reading 'Provider')

    [0m [90m 53 |[39m   [36mconst[39m renderComponent [33m=[39m (props [33m=[39m {}) [33m=>[39m {
     [90m 54 |[39m     [36mreturn[39m render(
    [31m[1m>[22m[39m[90m 55 |[39m       [33m<[39m[33mUsbContext[39m[33m.[39m[33mProvider[39m value[33m=[39m{mockUsbContext}[33m>[39m
     [90m    |[39m                   [31m[1m^[22m[39m
     [90m 56 |[39m         [33m<[39m[33mDeviceDashboard[39m 
     [90m 57 |[39m           devices[33m=[39m{mockDevices}
     [90m 58 |[39m           isLoading[33m=[39m{[36mfalse[39m}[0m

      at Provider (__tests__/components/DeviceDashboard.test.js:55:19)
      at Object.renderComponent (__tests__/components/DeviceDashboard.test.js:71:5)

  ÔùÅ DeviceDashboard ÔÇ║ devrait afficher l'├®tat de connexion USB

    TypeError: Cannot read properties of undefined (reading 'Provider')

    [0m [90m 53 |[39m   [36mconst[39m renderComponent [33m=[39m (props [33m=[39m {}) [33m=>[39m {
     [90m 54 |[39m     [36mreturn[39m render(
    [31m[1m>[22m[39m[90m 55 |[39m       [33m<[39m[33mUsbContext[39m[33m.[39m[33mProvider[39m value[33m=[39m{mockUsbContext}[33m>[39m
     [90m    |[39m                   [31m[1m^[22m[39m
     [90m 56 |[39m         [33m<[39m[33mDeviceDashboard[39m 
     [90m 57 |[39m           devices[33m=[39m{mockDevices}
     [90m 58 |[39m           isLoading[33m=[39m{[36mfalse[39m}[0m

      at Provider (__tests__/components/DeviceDashboard.test.js:55:19)
      at Object.renderComponent (__tests__/components/DeviceDashboard.test.js:80:5)

  ÔùÅ DeviceDashboard ÔÇ║ devrait afficher le bouton de rafra├«chissement

    TypeError: Cannot read properties of undefined (reading 'Provider')

    [0m [90m 53 |[39m   [36mconst[39m renderComponent [33m=[39m (props [33m=[39m {}) [33m=>[39m {
     [90m 54 |[39m     [36mreturn[39m render(
    [31m[1m>[22m[39m[90m 55 |[39m       [33m<[39m[33mUsbContext[39m[33m.[39m[33mProvider[39m value[33m=[39m{mockUsbContext}[33m>[39m
     [90m    |[39m                   [31m[1m^[22m[39m
     [90m 56 |[39m         [33m<[39m[33mDeviceDashboard[39m 
     [90m 57 |[39m           devices[33m=[39m{mockDevices}
     [90m 58 |[39m           isLoading[33m=[39m{[36mfalse[39m}[0m

      at Provider (__tests__/components/DeviceDashboard.test.js:55:19)
      at Object.renderComponent (__tests__/components/DeviceDashboard.test.js:87:5)

  ÔùÅ DeviceDashboard ÔÇ║ devrait afficher le bouton de cr├®ation de dispositif

    TypeError: Cannot read properties of undefined (reading 'Provider')

    [0m [90m 53 |[39m   [36mconst[39m renderComponent [33m=[39m (props [33m=[39m {}) [33m=>[39m {
     [90m 54 |[39m     [36mreturn[39m render(
    [31m[1m>[22m[39m[90m 55 |[39m       [33m<[39m[33mUsbContext[39m[33m.[39m[33mProvider[39m value[33m=[39m{mockUsbContext}[33m>[39m
     [90m    |[39m                   [31m[1m^[22m[39m
     [90m 56 |[39m         [33m<[39m[33mDeviceDashboard[39m 
     [90m 57 |[39m           devices[33m=[39m{mockDevices}
     [90m 58 |[39m           isLoading[33m=[39m{[36mfalse[39m}[0m

      at Provider (__tests__/components/DeviceDashboard.test.js:55:19)
      at Object.renderComponent (__tests__/components/DeviceDashboard.test.js:98:5)

  ÔùÅ DeviceDashboard ÔÇ║ devrait afficher un ├®tat de chargement

    TypeError: Cannot read properties of undefined (reading 'Provider')

    [0m [90m 53 |[39m   [36mconst[39m renderComponent [33m=[39m (props [33m=[39m {}) [33m=>[39m {
     [90m 54 |[39m     [36mreturn[39m render(
    [31m[1m>[22m[39m[90m 55 |[39m       [33m<[39m[33mUsbContext[39m[33m.[39m[33mProvider[39m value[33m=[39m{mockUsbContext}[33m>[39m
     [90m    |[39m                   [31m[1m^[22m[39m
     [90m 56 |[39m         [33m<[39m[33mDeviceDashboard[39m 
     [90m 57 |[39m           devices[33m=[39m{mockDevices}
     [90m 58 |[39m           isLoading[33m=[39m{[36mfalse[39m}[0m

      at Provider (__tests__/components/DeviceDashboard.test.js:55:19)
      at Object.renderComponent (__tests__/components/DeviceDashboard.test.js:108:5)

  ÔùÅ DeviceDashboard ÔÇ║ devrait afficher une erreur

    TypeError: Cannot read properties of undefined (reading 'Provider')

    [0m [90m 53 |[39m   [36mconst[39m renderComponent [33m=[39m (props [33m=[39m {}) [33m=>[39m {
     [90m 54 |[39m     [36mreturn[39m render(
    [31m[1m>[22m[39m[90m 55 |[39m       [33m<[39m[33mUsbContext[39m[33m.[39m[33mProvider[39m value[33m=[39m{mockUsbContext}[33m>[39m
     [90m    |[39m                   [31m[1m^[22m[39m
     [90m 56 |[39m         [33m<[39m[33mDeviceDashboard[39m 
     [90m 57 |[39m           devices[33m=[39m{mockDevices}
     [90m 58 |[39m           isLoading[33m=[39m{[36mfalse[39m}[0m

      at Provider (__tests__/components/DeviceDashboard.test.js:55:19)
      at Object.renderComponent (__tests__/components/DeviceDashboard.test.js:115:5)

  ÔùÅ DeviceDashboard ÔÇ║ devrait filtrer les dispositifs par statut

    TypeError: Cannot read properties of undefined (reading 'Provider')

    [0m [90m 53 |[39m   [36mconst[39m renderComponent [33m=[39m (props [33m=[39m {}) [33m=>[39m {
     [90m 54 |[39m     [36mreturn[39m render(
    [31m[1m>[22m[39m[90m 55 |[39m       [33m<[39m[33mUsbContext[39m[33m.[39m[33mProvider[39m value[33m=[39m{mockUsbContext}[33m>[39m
     [90m    |[39m                   [31m[1m^[22m[39m
     [90m 56 |[39m         [33m<[39m[33mDeviceDashboard[39m 
     [90m 57 |[39m           devices[33m=[39m{mockDevices}
     [90m 58 |[39m           isLoading[33m=[39m{[36mfalse[39m}[0m

      at Provider (__tests__/components/DeviceDashboard.test.js:55:19)
      at Object.renderComponent (__tests__/components/DeviceDashboard.test.js:121:5)

  ÔùÅ DeviceDashboard ÔÇ║ devrait rechercher des dispositifs

    TypeError: Cannot read properties of undefined (reading 'Provider')

    [0m [90m 53 |[39m   [36mconst[39m renderComponent [33m=[39m (props [33m=[39m {}) [33m=>[39m {
     [90m 54 |[39m     [36mreturn[39m render(
    [31m[1m>[22m[39m[90m 55 |[39m       [33m<[39m[33mUsbContext[39m[33m.[39m[33mProvider[39m value[33m=[39m{mockUsbContext}[33m>[39m
     [90m    |[39m                   [31m[1m^[22m[39m
     [90m 56 |[39m         [33m<[39m[33mDeviceDashboard[39m 
     [90m 57 |[39m           devices[33m=[39m{mockDevices}
     [90m 58 |[39m           isLoading[33m=[39m{[36mfalse[39m}[0m

      at Provider (__tests__/components/DeviceDashboard.test.js:55:19)
      at Object.renderComponent (__tests__/components/DeviceDashboard.test.js:135:5)

  ÔùÅ DeviceDashboard ÔÇ║ devrait afficher les d├®tails d'un dispositif

    TypeError: Cannot read properties of undefined (reading 'Provider')

    [0m [90m 53 |[39m   [36mconst[39m renderComponent [33m=[39m (props [33m=[39m {}) [33m=>[39m {
     [90m 54 |[39m     [36mreturn[39m render(
    [31m[1m>[22m[39m[90m 55 |[39m       [33m<[39m[33mUsbContext[39m[33m.[39m[33mProvider[39m value[33m=[39m{mockUsbContext}[33m>[39m
     [90m    |[39m                   [31m[1m^[22m[39m
     [90m 56 |[39m         [33m<[39m[33mDeviceDashboard[39m 
     [90m 57 |[39m           devices[33m=[39m{mockDevices}
     [90m 58 |[39m           isLoading[33m=[39m{[36mfalse[39m}[0m

      at Provider (__tests__/components/DeviceDashboard.test.js:55:19)
      at Object.renderComponent (__tests__/components/DeviceDashboard.test.js:149:5)

  ÔùÅ DeviceDashboard ÔÇ║ devrait permettre de mettre ├á jour un dispositif

    TypeError: Cannot read properties of undefined (reading 'Provider')

    [0m [90m 53 |[39m   [36mconst[39m renderComponent [33m=[39m (props [33m=[39m {}) [33m=>[39m {
     [90m 54 |[39m     [36mreturn[39m render(
    [31m[1m>[22m[39m[90m 55 |[39m       [33m<[39m[33mUsbContext[39m[33m.[39m[33mProvider[39m value[33m=[39m{mockUsbContext}[33m>[39m
     [90m    |[39m                   [31m[1m^[22m[39m
     [90m 56 |[39m         [33m<[39m[33mDeviceDashboard[39m 
     [90m 57 |[39m           devices[33m=[39m{mockDevices}
     [90m 58 |[39m           isLoading[33m=[39m{[36mfalse[39m}[0m

      at Provider (__tests__/components/DeviceDashboard.test.js:55:19)
      at Object.renderComponent (__tests__/components/DeviceDashboard.test.js:164:5)

  ÔùÅ DeviceDashboard ÔÇ║ devrait permettre de supprimer un dispositif

    TypeError: Cannot read properties of undefined (reading 'Provider')

    [0m [90m 53 |[39m   [36mconst[39m renderComponent [33m=[39m (props [33m=[39m {}) [33m=>[39m {
     [90m 54 |[39m     [36mreturn[39m render(
    [31m[1m>[22m[39m[90m 55 |[39m       [33m<[39m[33mUsbContext[39m[33m.[39m[33mProvider[39m value[33m=[39m{mockUsbContext}[33m>[39m
     [90m    |[39m                   [31m[1m^[22m[39m
     [90m 56 |[39m         [33m<[39m[33mDeviceDashboard[39m 
     [90m 57 |[39m           devices[33m=[39m{mockDevices}
     [90m 58 |[39m           isLoading[33m=[39m{[36mfalse[39m}[0m

      at Provider (__tests__/components/DeviceDashboard.test.js:55:19)
      at Object.renderComponent (__tests__/components/DeviceDashboard.test.js:187:5)

  ÔùÅ DeviceDashboard ÔÇ║ devrait afficher les statistiques des dispositifs

    TypeError: Cannot read properties of undefined (reading 'Provider')

    [0m [90m 53 |[39m   [36mconst[39m renderComponent [33m=[39m (props [33m=[39m {}) [33m=>[39m {
     [90m 54 |[39m     [36mreturn[39m render(
    [31m[1m>[22m[39m[90m 55 |[39m       [33m<[39m[33mUsbContext[39m[33m.[39m[33mProvider[39m value[33m=[39m{mockUsbContext}[33m>[39m
     [90m    |[39m                   [31m[1m^[22m[39m
     [90m 56 |[39m         [33m<[39m[33mDeviceDashboard[39m 
     [90m 57 |[39m           devices[33m=[39m{mockDevices}
     [90m 58 |[39m           isLoading[33m=[39m{[36mfalse[39m}[0m

      at Provider (__tests__/components/DeviceDashboard.test.js:55:19)
      at Object.renderComponent (__tests__/components/DeviceDashboard.test.js:209:5)

  ÔùÅ DeviceDashboard ÔÇ║ devrait g├®rer la connexion USB

    TypeError: Cannot read properties of undefined (reading 'Provider')

    [0m [90m 53 |[39m   [36mconst[39m renderComponent [33m=[39m (props [33m=[39m {}) [33m=>[39m {
     [90m 54 |[39m     [36mreturn[39m render(
    [31m[1m>[22m[39m[90m 55 |[39m       [33m<[39m[33mUsbContext[39m[33m.[39m[33mProvider[39m value[33m=[39m{mockUsbContext}[33m>[39m
     [90m    |[39m                   [31m[1m^[22m[39m
     [90m 56 |[39m         [33m<[39m[33mDeviceDashboard[39m 
     [90m 57 |[39m           devices[33m=[39m{mockDevices}
     [90m 58 |[39m           isLoading[33m=[39m{[36mfalse[39m}[0m

      at Provider (__tests__/components/DeviceDashboard.test.js:55:19)
      at Object.renderComponent (__tests__/components/DeviceDashboard.test.js:221:5)

  ÔùÅ DeviceDashboard ÔÇ║ devrait afficher les logs USB quand connect├®

    TypeError: Cannot read properties of undefined (reading 'Provider')

    [0m [90m 53 |[39m   [36mconst[39m renderComponent [33m=[39m (props [33m=[39m {}) [33m=>[39m {
     [90m 54 |[39m     [36mreturn[39m render(
    [31m[1m>[22m[39m[90m 55 |[39m       [33m<[39m[33mUsbContext[39m[33m.[39m[33mProvider[39m value[33m=[39m{mockUsbContext}[33m>[39m
     [90m    |[39m                   [31m[1m^[22m[39m
     [90m 56 |[39m         [33m<[39m[33mDeviceDashboard[39m 
     [90m 57 |[39m           devices[33m=[39m{mockDevices}
     [90m 58 |[39m           isLoading[33m=[39m{[36mfalse[39m}[0m

      at Provider (__tests__/components/DeviceDashboard.test.js:55:19)
      at Object.renderComponent (__tests__/components/DeviceDashboard.test.js:240:5)

FAIL __tests__/integration/devices.test.js (12.896 s)
  ÔùÅ Gestion des dispositifs E2E ÔÇ║ devrait afficher la liste des dispositifs

    Unable to find an element with the text: OTT-001. This could be because the text is broken up by multiple elements. In this case, you can provide a function for your text matcher to make your matcher more flexible.

    Ignored nodes: comments, script, style
    [36m<body>[39m
      [36m<div>[39m
        [36m<div[39m
          [33mclass[39m=[32m"space-y-6 animate-fade-in"[39m
        [36m>[39m
          [36m<div[39m
            [33mclass[39m=[32m"animate-slide-up"[39m
          [36m>[39m
            [36m<h1[39m
              [33mclass[39m=[32m"text-3xl font-bold text-primary mb-2"[39m
            [36m>[39m
              [0mVue d'Ensemble[0m
            [36m</h1>[39m
            [36m<p[39m
              [33mclass[39m=[32m"text-muted"[39m
            [36m>[39m
              [0mTableau de bord en temps r├®el des dispositifs OTT[0m
            [36m</p>[39m
          [36m</div>[39m
          [36m<div[39m
            [33mclass[39m=[32m"card p-0 overflow-hidden"[39m
            [33mid[39m=[32m"map-container"[39m
          [36m>[39m
            [36m<div[39m
              [33mclass[39m=[32m"p-4 border-b border-gray-200 dark:border-gray-700"[39m
            [36m>[39m
              [36m<h2[39m
                [33mclass[39m=[32m"text-lg font-semibold text-gray-900 dark:text-gray-100"[39m
              [36m>[39m
                [0m­ƒù║´©Å Carte des Dispositifs[0m
              [36m</h2>[39m
              [36m<p[39m
                [33mclass[39m=[32m"text-sm text-gray-600 dark:text-gray-400 mt-1"[39m
              [36m>[39m
                [0mAucun dispositif actif[0m
              [36m</p>[39m
            [36m</div>[39m
            [36m<div[39m
              [33mstyle[39m=[32m"height: 400px; width: 100%; position: relative; z-index: 1;"[39m
            [36m/>[39m
          [36m</div>[39m
          [36m<div[39m
            [33mclass[39m=[32m"grid grid-cols-2 md:grid-cols-4 lg:grid-cols-5 gap-3"[39m
          [36m>[39m
            [36m<div[39m
              [33mclass[39m=[32m"bg-white dark:bg-[rgb(var(--night-surface))] rounded-lg shadow-sm border border-gray-200 dark:border-gray-700 animate-slide-up overflow-hidden"[39m
            [36m>[39m
              [36m<button[39m
                [33mclass[39m=[32m"w-full p-3 flex items-center justify-between hover:bg-gray-50 dark:hover:bg-gray-800 transition-colors"[39m
              [36m>[39m
                [36m<div>[39m
                  [36m<p[39m
                    [33mclass[39m=[32m"text-xs text-gray-600 dark:text-gray-400"[39m
                  [36m>[39m
                    [0mDispositifs[0m
                  [36m</p>[39m
                  [36m<p[39m
                    [33mclass[39m=[32m"text-2xl font-bold text-primary-600 dark:text-primary-400"[39m
                  [36m>[39m
                    [0m0[0m
                  [36m</p>[39m
                [36m</div>[39m
                [36m<div[39m
                  [33mclass[39m=[32m"flex items-center gap-2"[39m
                [36m>[39m
                  [36m<span[39m
                    [33mclass[39m=[32m"text-3xl"[39m
                  [36m>[39m
                    [0m­ƒöî[0m
                  [36m</span>[39m
                  [36m<span[39m
                    [33mclass[39m=[32m"text-lg"[39m
                  [36m>[39m
                    [0mÔûÂ[0m
                  [36m</span>[39m
                [36m</div>[39m
              [36m</button>[39m
            [36m</div>[39m
            [36m<div[39m
              [33mclass[39m=[32m"bg-white dark:bg-[rgb(var(--night-surface))] rounded-lg shadow-sm border border-gray-200 dark:border-gray-700 animate-slide-up overflow-hidden"[39m
              [33mstyle[39m=[32m"animation-delay: 0.1s;"[39m
            [36m>[39m
              [36m<button[39m
                [33mclass[39m=[32m"w-full p-3 flex items-center justify-between hover:bg-gray-50 dark:hover:bg-gray-800 transition-colors"[39m
              [36m>[39m
                [36m<div>[39m
                  [36m<p[39m
                    [33mclass[39m=[32m"text-xs text-gray-600 dark:text-gray-400"[39m
                  [36m>[39m
                    [0mEn Ligne[0m
                  [36m</p>[39m
                  [36m<p[39m
                    [33mclass[39m=[32m"text-2xl font-bold text-green-600 dark:text-green-400"[39m
                  [36m>[39m
                    [0m0[0m
                  [36m</p>[39m
                [36m</div>[39m
                [36m<div[39m
                  [33mclass[39m=[32m"flex items-center gap-2"[39m
                [36m>[39m
                  [36m<span[39m
                    [33mclass[39m=[32m"text-3xl"[39m
                  [36m>[39m
                    [0m­ƒƒó[0m
                  [36m</span>[39m
                  [36m<span[39m
                    [33mclass[39m=[32m"text-lg"[39m
                  [36m>[39m
                    [0mÔûÂ[0m
                  [36m</span>[39m
                [36m</div>[39m
              [36m</button>[39m
            [36m</div>[39m
            [36m<div[39m
              [33mclass[39m=[32m"bg-white dark:bg-[rgb(var(--night-surface))] rounded-lg shadow-sm border border-gray-200 dark:border-gray-700 animate-slide-up overflow-hidden"[39m
              [33mstyle[39m=[32m"animation-delay: 0.2s;"[39m
            [36m>[39m
              [36m<button[39m
                [33mclass[39m=[32m"w-full p-3 flex items-center justify-between hover:bg-gray-50 dark:hover:bg-gray-800 transition-colors"[39m
              [36m>[39m
                [36m<div>[39m
                  [36m<p[39m
                    [33mclass[39m=[32m"text-xs text-gray-600 dark:text-gray-400"[39m
                  [36m>[39m
                    [0mAlertes[0m
                  [36m</p>[39m
                  [36m<p[39m
                    [33mclass[39m=[32m"text-2xl font-bold text-red-600 dark:text-red-400"[39m
                  [36m>[39m
                    [0m0[0m
                  [36m</p>[39m
                [36m</div>[39m
                [36m<div[39m
                  [33mclass[39m=[32m"flex items-center gap-2"[39m
                [36m>[39m
                  [36m<span[39m
                    [33mclass[39m=[32m"text-3xl"[39m
                  [36m>[39m
                    [0mÔÜá´©Å[0m
                  [36m</span>[39m
                  [36m<span[39m
                    [33mclass[39m=[32m"text-lg"[39m
                  [36m>[39m
                    [0mÔûÂ[0m
                  [36m</span>[39m
                [36m</div>[39m
              [36m</button>[39m
            [36m</div>[39m
            [36m<div[39m
              [33mclass[39m=[32m"bg-white dark:bg-[rgb(var(--night-surface))] rounded-lg shadow-sm border border-gray-200 dark:border-gray-700 animate-slide-up overflow-hidden"[39m
              [33mstyle[39m=[32m"animation-delay: 0.3s;"[39m
            [36m>[39m
              [36m<button[39m
                [33mclass[39m=[32m"w-full p-3 flex items-center justify-between hover:bg-gray-50 dark:hover:bg-gray-800 transition-colors"[39m
              [36m>[39m
                [36m<div>[39m
                  [36m<p[39m
                    [33mclass[39m=[32m"text-xs text-gray-600 dark:text-gray-400"[39m
                  [36m>[39m
                    [0mBatterie[0m
                  [36m</p>[39m
                  [36m<p[39m
                    [33mclass[39m=[32m"text-2xl font-bold text-green-600 dark:text-green-400"[39m
                  [36m>[39m
                    [0m0[0m
                  [36m</p>[39m
                [36m</div>[39m
                [36m<div[39m
                  [33mclass[39m=[32m"flex items-center gap-2"[39m
                [36m>[39m
                  [36m<span[39m
                    [33mclass[39m=[32m"text-3xl"[39m
                  [36m>[39m
                    [0m­ƒöï[0m
                  [36m</span>[39m
                  [36m<span[39m
                    [33mclass[39m=[32m"text-lg"[39m
                  [36m>[39m
                    [0mÔûÂ[0m
                  [36m</span>[39m
                [36m</div>[39m
              [36m</button>[39m
            [36m</div>[39m
          [36m</div>[39m
        [36m</div>[39m
      [36m</div>[39m
    [36m</body>[39m

    [0m [90m 102 |[39m
     [90m 103 |[39m     [90m// V├®rifier que les dispositifs sont charg├®s et affich├®s[39m
    [31m[1m>[22m[39m[90m 104 |[39m     [36mawait[39m waitFor(() [33m=>[39m {
     [90m     |[39m                  [31m[1m^[22m[39m
     [90m 105 |[39m       expect(screen[33m.[39mgetByText([32m'OTT-001'[39m))[33m.[39mtoBeInTheDocument()
     [90m 106 |[39m       expect(screen[33m.[39mgetByText([32m'OTT-002'[39m))[33m.[39mtoBeInTheDocument()
     [90m 107 |[39m     }[33m,[39m { timeout[33m:[39m [35m3000[39m })[0m

      at waitForWrapper (node_modules/@testing-library/dom/dist/wait-for.js:166:27)
      at Object.<anonymous> (__tests__/integration/devices.test.js:104:18)

  ÔùÅ Gestion des dispositifs E2E ÔÇ║ devrait g├®rer les erreurs de chargement

    Unable to find an element with the text: /erreur/i. This could be because the text is broken up by multiple elements. In this case, you can provide a function for your text matcher to make your matcher more flexible.

    Ignored nodes: comments, script, style
    [36m<body>[39m
      [36m<div>[39m
        [36m<div[39m
          [33mclass[39m=[32m"space-y-6 animate-fade-in"[39m
        [36m>[39m
          [36m<div[39m
            [33mclass[39m=[32m"animate-slide-up"[39m
          [36m>[39m
            [36m<h1[39m
              [33mclass[39m=[32m"text-3xl font-bold text-primary mb-2"[39m
            [36m>[39m
              [0mVue d'Ensemble[0m
            [36m</h1>[39m
            [36m<p[39m
              [33mclass[39m=[32m"text-muted"[39m
            [36m>[39m
              [0mTableau de bord en temps r├®el des dispositifs OTT[0m
            [36m</p>[39m
          [36m</div>[39m
          [36m<div[39m
            [33mclass[39m=[32m"card p-0 overflow-hidden"[39m
            [33mid[39m=[32m"map-container"[39m
          [36m>[39m
            [36m<div[39m
              [33mclass[39m=[32m"p-4 border-b border-gray-200 dark:border-gray-700"[39m
            [36m>[39m
              [36m<h2[39m
                [33mclass[39m=[32m"text-lg font-semibold text-gray-900 dark:text-gray-100"[39m
              [36m>[39m
                [0m­ƒù║´©Å Carte des Dispositifs[0m
              [36m</h2>[39m
              [36m<p[39m
                [33mclass[39m=[32m"text-sm text-gray-600 dark:text-gray-400 mt-1"[39m
              [36m>[39m
                [0mAucun dispositif actif[0m
              [36m</p>[39m
            [36m</div>[39m
            [36m<div[39m
              [33mstyle[39m=[32m"height: 400px; width: 100%; position: relative; z-index: 1;"[39m
            [36m/>[39m
          [36m</div>[39m
          [36m<div[39m
            [33mclass[39m=[32m"grid grid-cols-2 md:grid-cols-4 lg:grid-cols-5 gap-3"[39m
          [36m>[39m
            [36m<div[39m
              [33mclass[39m=[32m"bg-white dark:bg-[rgb(var(--night-surface))] rounded-lg shadow-sm border border-gray-200 dark:border-gray-700 animate-slide-up overflow-hidden"[39m
            [36m>[39m
              [36m<button[39m
                [33mclass[39m=[32m"w-full p-3 flex items-center justify-between hover:bg-gray-50 dark:hover:bg-gray-800 transition-colors"[39m
              [36m>[39m
                [36m<div>[39m
                  [36m<p[39m
                    [33mclass[39m=[32m"text-xs text-gray-600 dark:text-gray-400"[39m
                  [36m>[39m
                    [0mDispositifs[0m
                  [36m</p>[39m
                  [36m<p[39m
                    [33mclass[39m=[32m"text-2xl font-bold text-primary-600 dark:text-primary-400"[39m
                  [36m>[39m
                    [0m0[0m
                  [36m</p>[39m
                [36m</div>[39m
                [36m<div[39m
                  [33mclass[39m=[32m"flex items-center gap-2"[39m
                [36m>[39m
                  [36m<span[39m
                    [33mclass[39m=[32m"text-3xl"[39m
                  [36m>[39m
                    [0m­ƒöî[0m
                  [36m</span>[39m
                  [36m<span[39m
                    [33mclass[39m=[32m"text-lg"[39m
                  [36m>[39m
                    [0mÔûÂ[0m
                  [36m</span>[39m
                [36m</div>[39m
              [36m</button>[39m
            [36m</div>[39m
            [36m<div[39m
              [33mclass[39m=[32m"bg-white dark:bg-[rgb(var(--night-surface))] rounded-lg shadow-sm border border-gray-200 dark:border-gray-700 animate-slide-up overflow-hidden"[39m
              [33mstyle[39m=[32m"animation-delay: 0.1s;"[39m
            [36m>[39m
              [36m<button[39m
                [33mclass[39m=[32m"w-full p-3 flex items-center justify-between hover:bg-gray-50 dark:hover:bg-gray-800 transition-colors"[39m
              [36m>[39m
                [36m<div>[39m
                  [36m<p[39m
                    [33mclass[39m=[32m"text-xs text-gray-600 dark:text-gray-400"[39m
                  [36m>[39m
                    [0mEn Ligne[0m
                  [36m</p>[39m
                  [36m<p[39m
                    [33mclass[39m=[32m"text-2xl font-bold text-green-600 dark:text-green-400"[39m
                  [36m>[39m
                    [0m0[0m
                  [36m</p>[39m
                [36m</div>[39m
                [36m<div[39m
                  [33mclass[39m=[32m"flex items-center gap-2"[39m
                [36m>[39m
                  [36m<span[39m
                    [33mclass[39m=[32m"text-3xl"[39m
                  [36m>[39m
                    [0m­ƒƒó[0m
                  [36m</span>[39m
                  [36m<span[39m
                    [33mclass[39m=[32m"text-lg"[39m
                  [36m>[39m
                    [0mÔûÂ[0m
                  [36m</span>[39m
                [36m</div>[39m
              [36m</button>[39m
            [36m</div>[39m
            [36m<div[39m
              [33mclass[39m=[32m"bg-white dark:bg-[rgb(var(--night-surface))] rounded-lg shadow-sm border border-gray-200 dark:border-gray-700 animate-slide-up overflow-hidden"[39m
              [33mstyle[39m=[32m"animation-delay: 0.2s;"[39m
            [36m>[39m
              [36m<button[39m
                [33mclass[39m=[32m"w-full p-3 flex items-center justify-between hover:bg-gray-50 dark:hover:bg-gray-800 transition-colors"[39m
              [36m>[39m
                [36m<div>[39m
                  [36m<p[39m
                    [33mclass[39m=[32m"text-xs text-gray-600 dark:text-gray-400"[39m
                  [36m>[39m
                    [0mAlertes[0m
                  [36m</p>[39m
                  [36m<p[39m
                    [33mclass[39m=[32m"text-2xl font-bold text-red-600 dark:text-red-400"[39m
                  [36m>[39m
                    [0m0[0m
                  [36m</p>[39m
                [36m</div>[39m
                [36m<div[39m
                  [33mclass[39m=[32m"flex items-center gap-2"[39m
                [36m>[39m
                  [36m<span[39m
                    [33mclass[39m=[32m"text-3xl"[39m
                  [36m>[39m
                    [0mÔÜá´©Å[0m
                  [36m</span>[39m
                  [36m<span[39m
                    [33mclass[39m=[32m"text-lg"[39m
                  [36m>[39m
                    [0mÔûÂ[0m
                  [36m</span>[39m
                [36m</div>[39m
              [36m</button>[39m
            [36m</div>[39m
            [36m<div[39m
              [33mclass[39m=[32m"bg-white dark:bg-[rgb(var(--night-surface))] rounded-lg shadow-sm border border-gray-200 dark:border-gray-700 animate-slide-up overflow-hidden"[39m
              [33mstyle[39m=[32m"animation-delay: 0.3s;"[39m
            [36m>[39m
              [36m<button[39m
                [33mclass[39m=[32m"w-full p-3 flex items-center justify-between hover:bg-gray-50 dark:hover:bg-gray-800 transition-colors"[39m
              [36m>[39m
                [36m<div>[39m
                  [36m<p[39m
                    [33mclass[39m=[32m"text-xs text-gray-600 dark:text-gray-400"[39m
                  [36m>[39m
                    [0mBatterie[0m
                  [36m</p>[39m
                  [36m<p[39m
                    [33mclass[39m=[32m"text-2xl font-bold text-green-600 dark:text-green-400"[39m
                  [36m>[39m
                    [0m0[0m
                  [36m</p>[39m
                [36m</div>[39m
                [36m<div[39m
                  [33mclass[39m=[32m"flex items-center gap-2"[39m
                [36m>[39m
                  [36m<span[39m
                    [33mclass[39m=[32m"text-3xl"[39m
                  [36m>[39m
                    [0m­ƒöï[0m
                  [36m</span>[39m
                  [36m<span[39m
                    [33mclass[39m=[32m"text-lg"[39m
                  [36m>[39m
                    [0mÔûÂ[0m
                  [36m</span>[39m
                [36m</div>[39m
              [36m</button>[39m
            [36m</div>[39m
          [36m</div>[39m
        [36m</div>[39m
      [36m</div>[39m
    [36m</body>[39m

    [0m [90m 145 |[39m     )
     [90m 146 |[39m
    [31m[1m>[22m[39m[90m 147 |[39m     [36mawait[39m waitFor(() [33m=>[39m {
     [90m     |[39m                  [31m[1m^[22m[39m
     [90m 148 |[39m       expect(screen[33m.[39mgetByText([35m/erreur/i[39m))[33m.[39mtoBeInTheDocument()
     [90m 149 |[39m     }[33m,[39m { timeout[33m:[39m [35m3000[39m })
     [90m 150 |[39m   })[0m

      at waitForWrapper (node_modules/@testing-library/dom/dist/wait-for.js:166:27)
      at Object.<anonymous> (__tests__/integration/devices.test.js:147:18)

  ÔùÅ Gestion des dispositifs E2E ÔÇ║ devrait filtrer les dispositifs avec batterie faible

    Unable to find an element with the text: /15%/i. This could be because the text is broken up by multiple elements. In this case, you can provide a function for your text matcher to make your matcher more flexible.

    Ignored nodes: comments, script, style
    [36m<body>[39m
      [36m<div>[39m
        [36m<div[39m
          [33mclass[39m=[32m"space-y-6 animate-fade-in"[39m
        [36m>[39m
          [36m<div[39m
            [33mclass[39m=[32m"animate-slide-up"[39m
          [36m>[39m
            [36m<h1[39m
              [33mclass[39m=[32m"text-3xl font-bold text-primary mb-2"[39m
            [36m>[39m
              [0mVue d'Ensemble[0m
            [36m</h1>[39m
            [36m<p[39m
              [33mclass[39m=[32m"text-muted"[39m
            [36m>[39m
              [0mTableau de bord en temps r├®el des dispositifs OTT[0m
            [36m</p>[39m
          [36m</div>[39m
          [36m<div[39m
            [33mclass[39m=[32m"card p-0 overflow-hidden"[39m
            [33mid[39m=[32m"map-container"[39m
          [36m>[39m
            [36m<div[39m
              [33mclass[39m=[32m"p-4 border-b border-gray-200 dark:border-gray-700"[39m
            [36m>[39m
              [36m<h2[39m
                [33mclass[39m=[32m"text-lg font-semibold text-gray-900 dark:text-gray-100"[39m
              [36m>[39m
                [0m­ƒù║´©Å Carte des Dispositifs[0m
              [36m</h2>[39m
              [36m<p[39m
                [33mclass[39m=[32m"text-sm text-gray-600 dark:text-gray-400 mt-1"[39m
              [36m>[39m
                [0mAucun dispositif actif[0m
              [36m</p>[39m
            [36m</div>[39m
            [36m<div[39m
              [33mstyle[39m=[32m"height: 400px; width: 100%; position: relative; z-index: 1;"[39m
            [36m/>[39m
          [36m</div>[39m
          [36m<div[39m
            [33mclass[39m=[32m"grid grid-cols-2 md:grid-cols-4 lg:grid-cols-5 gap-3"[39m
          [36m>[39m
            [36m<div[39m
              [33mclass[39m=[32m"bg-white dark:bg-[rgb(var(--night-surface))] rounded-lg shadow-sm border border-gray-200 dark:border-gray-700 animate-slide-up overflow-hidden"[39m
            [36m>[39m
              [36m<button[39m
                [33mclass[39m=[32m"w-full p-3 flex items-center justify-between hover:bg-gray-50 dark:hover:bg-gray-800 transition-colors"[39m
              [36m>[39m
                [36m<div>[39m
                  [36m<p[39m
                    [33mclass[39m=[32m"text-xs text-gray-600 dark:text-gray-400"[39m
                  [36m>[39m
                    [0mDispositifs[0m
                  [36m</p>[39m
                  [36m<p[39m
                    [33mclass[39m=[32m"text-2xl font-bold text-primary-600 dark:text-primary-400"[39m
                  [36m>[39m
                    [0m0[0m
                  [36m</p>[39m
                [36m</div>[39m
                [36m<div[39m
                  [33mclass[39m=[32m"flex items-center gap-2"[39m
                [36m>[39m
                  [36m<span[39m
                    [33mclass[39m=[32m"text-3xl"[39m
                  [36m>[39m
                    [0m­ƒöî[0m
                  [36m</span>[39m
                  [36m<span[39m
                    [33mclass[39m=[32m"text-lg"[39m
                  [36m>[39m
                    [0mÔûÂ[0m
                  [36m</span>[39m
                [36m</div>[39m
              [36m</button>[39m
            [36m</div>[39m
            [36m<div[39m
              [33mclass[39m=[32m"bg-white dark:bg-[rgb(var(--night-surface))] rounded-lg shadow-sm border border-gray-200 dark:border-gray-700 animate-slide-up overflow-hidden"[39m
              [33mstyle[39m=[32m"animation-delay: 0.1s;"[39m
            [36m>[39m
              [36m<button[39m
                [33mclass[39m=[32m"w-full p-3 flex items-center justify-between hover:bg-gray-50 dark:hover:bg-gray-800 transition-colors"[39m
              [36m>[39m
                [36m<div>[39m
                  [36m<p[39m
                    [33mclass[39m=[32m"text-xs text-gray-600 dark:text-gray-400"[39m
                  [36m>[39m
                    [0mEn Ligne[0m
                  [36m</p>[39m
                  [36m<p[39m
                    [33mclass[39m=[32m"text-2xl font-bold text-green-600 dark:text-green-400"[39m
                  [36m>[39m
                    [0m0[0m
                  [36m</p>[39m
                [36m</div>[39m
                [36m<div[39m
                  [33mclass[39m=[32m"flex items-center gap-2"[39m
                [36m>[39m
                  [36m<span[39m
                    [33mclass[39m=[32m"text-3xl"[39m
                  [36m>[39m
                    [0m­ƒƒó[0m
                  [36m</span>[39m
                  [36m<span[39m
                    [33mclass[39m=[32m"text-lg"[39m
                  [36m>[39m
                    [0mÔûÂ[0m
                  [36m</span>[39m
                [36m</div>[39m
              [36m</button>[39m
            [36m</div>[39m
            [36m<div[39m
              [33mclass[39m=[32m"bg-white dark:bg-[rgb(var(--night-surface))] rounded-lg shadow-sm border border-gray-200 dark:border-gray-700 animate-slide-up overflow-hidden"[39m
              [33mstyle[39m=[32m"animation-delay: 0.2s;"[39m
            [36m>[39m
              [36m<button[39m
                [33mclass[39m=[32m"w-full p-3 flex items-center justify-between hover:bg-gray-50 dark:hover:bg-gray-800 transition-colors"[39m
              [36m>[39m
                [36m<div>[39m
                  [36m<p[39m
                    [33mclass[39m=[32m"text-xs text-gray-600 dark:text-gray-400"[39m
                  [36m>[39m
                    [0mAlertes[0m
                  [36m</p>[39m
                  [36m<p[39m
                    [33mclass[39m=[32m"text-2xl font-bold text-red-600 dark:text-red-400"[39m
                  [36m>[39m
                    [0m0[0m
                  [36m</p>[39m
                [36m</div>[39m
                [36m<div[39m
                  [33mclass[39m=[32m"flex items-center gap-2"[39m
                [36m>[39m
                  [36m<span[39m
                    [33mclass[39m=[32m"text-3xl"[39m
                  [36m>[39m
                    [0mÔÜá´©Å[0m
                  [36m</span>[39m
                  [36m<span[39m
                    [33mclass[39m=[32m"text-lg"[39m
                  [36m>[39m
                    [0mÔûÂ[0m
                  [36m</span>[39m
                [36m</div>[39m
              [36m</button>[39m
            [36m</div>[39m
            [36m<div[39m
              [33mclass[39m=[32m"bg-white dark:bg-[rgb(var(--night-surface))] rounded-lg shadow-sm border border-gray-200 dark:border-gray-700 animate-slide-up overflow-hidden"[39m
              [33mstyle[39m=[32m"animation-delay: 0.3s;"[39m
            [36m>[39m
              [36m<button[39m
                [33mclass[39m=[32m"w-full p-3 flex items-center justify-between hover:bg-gray-50 dark:hover:bg-gray-800 transition-colors"[39m
              [36m>[39m
                [36m<div>[39m
                  [36m<p[39m
                    [33mclass[39m=[32m"text-xs text-gray-600 dark:text-gray-400"[39m
                  [36m>[39m
                    [0mBatterie[0m
                  [36m</p>[39m
                  [36m<p[39m
                    [33mclass[39m=[32m"text-2xl font-bold text-green-600 dark:text-green-400"[39m
                  [36m>[39m
                    [0m0[0m
                  [36m</p>[39m
                [36m</div>[39m
                [36m<div[39m
                  [33mclass[39m=[32m"flex items-center gap-2"[39m
                [36m>[39m
                  [36m<span[39m
                    [33mclass[39m=[32m"text-3xl"[39m
                  [36m>[39m
                    [0m­ƒöï[0m
                  [36m</span>[39m
                  [36m<span[39m
                    [33mclass[39m=[32m"text-lg"[39m
                  [36m>[39m
                    [0mÔûÂ[0m
                  [36m</span>[39m
                [36m</div>[39m
              [36m</button>[39m
            [36m</div>[39m
          [36m</div>[39m
        [36m</div>[39m
      [36m</div>[39m
    [36m</body>[39m

    [0m [90m 186 |[39m
     [90m 187 |[39m     [90m// V├®rifier que les KPI affichent 1 dispositif avec batterie faible[39m
    [31m[1m>[22m[39m[90m 188 |[39m     [36mawait[39m waitFor(() [33m=>[39m {
     [90m     |[39m                  [31m[1m^[22m[39m
     [90m 189 |[39m       [90m// Chercher l'indicateur de batterie faible[39m
     [90m 190 |[39m       [36mconst[39m lowBatteryIndicators [33m=[39m screen[33m.[39mgetAllByText([35m/15%/i[39m)
     [90m 191 |[39m       expect(lowBatteryIndicators[33m.[39mlength)[33m.[39mtoBeGreaterThan([35m0[39m)[0m

      at waitForWrapper (node_modules/@testing-library/dom/dist/wait-for.js:166:27)
      at Object.<anonymous> (__tests__/integration/devices.test.js:188:18)

Test Suites: 8 failed, 4 passed, 12 total
Tests:       54 failed, 23 passed, 77 total
Snapshots:   0 total
Time:        17.976 s
Ran all test suites.
